[www.roundgluteo.com/index.html]
[backblue.gif]
[fade.gif]
[index.html]
[cdn.greatsoftwares.com.br/arquivos/paginas/14358-dd1046ea31f3614011ec1919090e1dac.png]
[cdn.greatpages.com.br/www.roundgluteo.com/1689186595/imagens/desktop/254068_1_6499d08add369.png]
[cdnjs.cloudflare.com/ajax/libs/jquery/2.2.4/jquery.js]
[cdnjs.cloudflare.com/ajax/libs/waypoints/2.0.0/waypoints.js]
[cdnjs.cloudflare.com/ajax/libs/waypoints/2.0.0/shortcuts/sticky-elements/waypoints-sticky.js]
[www.roundgluteo.com/selecione-seu-procedimento.html]
[www.roundgluteo.com/procedimentos.html]
[www.roundgluteo.com/sobre-nos.html]
[www.roundgluteo.com/idiomas.html]
[www.roundgluteo.com/procedimentos/toxinabotulinica]
[www.roundgluteo.com/procedimentos/rejuvenescimentofacial]
[www.roundgluteo.com/procedimentos/roundgluteo]
[www.roundgluteo.com/procedimentos/rejuvenescimentocorporal]
[www.roundgluteo.com/procedimentos/harmonizacao]
[www.roundgluteo.com/procedimentos/celulite]
[www.roundgluteo.com/procedimentos/gorduralocalizada]
[cdn.greatpages.com.br/www.roundgluteo.com/1689186595/css.css]
[www.roundgluteo.com/index.html]
[cdn.greatpages.com.br/www.roundgluteo.com/1689186595/js.js]
[cdn.greatpages.com.br/www.roundgluteo.com-selecione-seu-procedimento/1689174291/imagens/desktop/264834_1_168916581864ae9ffa2d753.jpg]
[cdn.greatpages.com.br/www.roundgluteo.com-selecione-seu-procedimento/1689174291/css.css]
[www.roundgluteo.com/selecione-seu-procedimento.html]
[cdn.greatpages.com.br/www.roundgluteo.com-selecione-seu-procedimento/1689174291/js.js]
[cdn.greatsoftwares.com.br/arquivos/paginas/14358-e5f21afd6212c5d87d76e0fb0c995f55.png]
[cdn.greatpages.com.br/www.roundgluteo.com-procedimentos/1689174184/imagens/desktop/254737_1_1687882123649b098b40a28.jpg]
[cdn.greatpages.com.br/www.roundgluteo.com-procedimentos/1689174184/css.css]
[www.roundgluteo.com/procedimentos.html]
[cdn.greatpages.com.br/www.roundgluteo.com-procedimentos/1689174184/js.js]
[cdn.greatsoftwares.com.br/arquivos/paginas/14358-8387e86730cab467d93e82b8d8c8da30.png]
[cdn.greatpages.com.br/www.roundgluteo.com-sobre-nos/1690307453/imagens/desktop/254620_1_1687872865649ae561ee10e.jpg]
[cdn.greatpages.com.br/www.roundgluteo.com-sobre-nos/1690307453/css.css]
[www.roundgluteo.com/sobre-nos.html]
[cdn.greatpages.com.br/www.roundgluteo.com-sobre-nos/1690307453/js.js]
[cdn.greatpages.com.br/www.roundgluteo.com-idiomas/1689174146/imagens/desktop/264810_1_168916470064ae9b9ce78b0.jpg]
[cdn.greatpages.com.br/www.roundgluteo.com-idiomas/1689174146/imagens/mobile/264810_1_168916470064ae9b9ce78b0.jpg]
[cdn.greatpages.com.br/www.roundgluteo.com-idiomas/1689174146/css.css]
[www.roundgluteo.com/idiomas.html]
[www.roundgluteo.com/procedimentos/toxinabotulinica.html]
[www.roundgluteo.com/procedimentos/rejuvenescimentofacial.html]
[www.roundgluteo.com/procedimentos/roundgluteo.html]
[www.roundgluteo.com/procedimentos/rejuvenescimentocorporal.html]
[www.roundgluteo.com/procedimentos/harmonizacao.html]
[www.roundgluteo.com/procedimentos/celulite.html]
[www.roundgluteo.com/procedimentos/gorduralocalizada.html]
[cdn.greatpages.com.br/www.roundgluteo.com/1689186595/css.css]
[cdn.greatpages.com.br/www.roundgluteo.com-selecione-seu-procedimento/1689174291/css.css]
[cdn.greatpages.com.br/www.roundgluteo.com-procedimentos/1689174184/css.css]
[cdn.greatpages.com.br/www.roundgluteo.com-sobre-nos/1690307453/css.css]
[cdn.greatpages.com.br/www.roundgluteo.com-idiomas/1689174146/css.css]
[cdn.greatpages.com.br/www.roundgluteo.com-idiomas/1689174146/js.js]
